{"time":"2026-04-03T04:36:22.961Z","level":"DEBUG","tag":"sd:cli:library-build:worker","msg":"[capacitor-plugin-auto-update] rebuildAll 시작"}
{"time":"2026-04-03T04:36:22.975Z","level":"DEBUG","tag":"sd:cli:library-build:worker","msg":"[capacitor-plugin-usb-storage] rebuildAll 시작"}
{"time":"2026-04-03T04:36:23.027Z","level":"DEBUG","tag":"sd:cli:library-build:worker","msg":"[capacitor-plugin-intent] rebuildAll 시작"}
{"time":"2026-04-03T04:36:23.034Z","level":"DEBUG","tag":"sd:cli:library-build:worker","msg":"[capacitor-plugin-file-system] rebuildAll 시작"}
{"time":"2026-04-03T04:36:23.098Z","level":"DEBUG","tag":"sd:cli:library-build:worker","msg":"[core-browser] rebuildAll 시작"}
{"time":"2026-04-03T04:36:23.105Z","level":"DEBUG","tag":"sd:cli:library-build:worker","msg":"[sd-cli] rebuildAll 시작"}
{"time":"2026-04-03T04:36:23.171Z","level":"DEBUG","tag":"sd:cli:library-build:worker","msg":"[core-common] rebuildAll 시작"}
{"time":"2026-04-03T04:36:23.191Z","level":"DEBUG","tag":"sd:cli:library-build:worker","msg":"[service-client] rebuildAll 시작"}
{"time":"2026-04-03T04:36:23.201Z","level":"DEBUG","tag":"sd:cli:library-build:worker","msg":"[lint] rebuildAll 시작"}
{"time":"2026-04-03T04:36:23.283Z","level":"DEBUG","tag":"sd:cli:library-build:worker","msg":"[excel] rebuildAll 시작"}
{"time":"2026-04-03T04:36:23.287Z","level":"DEBUG","tag":"sd:cli:library-build:worker","msg":"[orm-common] rebuildAll 시작"}
{"time":"2026-04-03T04:36:23.289Z","level":"DEBUG","tag":"sd:cli:library-build:worker","msg":"[orm-node] rebuildAll 시작"}
{"time":"2026-04-03T04:36:23.296Z","level":"DEBUG","tag":"sd:cli:library-build:worker","msg":"[service-common] rebuildAll 시작"}
{"time":"2026-04-03T04:36:23.304Z","level":"DEBUG","tag":"sd:cli:library-build:worker","msg":"[core-node] rebuildAll 시작"}
{"time":"2026-04-03T04:36:23.310Z","level":"DEBUG","tag":"sd:cli:library-build:worker","msg":"[service-server] rebuildAll 시작"}
{"time":"2026-04-03T04:36:23.319Z","level":"DEBUG","tag":"sd:cli:library-build:worker","msg":"[storage] rebuildAll 시작"}
{"time":"2026-04-03T04:36:23.875Z","level":"DEBUG","tag":"sd:cli:library-build:worker","msg":"[capacitor-plugin-intent] rebuildAll 완료"}
{"time":"2026-04-03T04:36:23.890Z","level":"DEBUG","tag":"sd:cli:library-build:worker","msg":"[capacitor-plugin-intent] FsWatcher 시작"}
{"time":"2026-04-03T04:36:25.088Z","level":"DEBUG","tag":"sd:cli:library-build:worker","msg":"[capacitor-plugin-usb-storage] rebuildAll 완료"}
{"time":"2026-04-03T04:36:25.099Z","level":"DEBUG","tag":"sd:cli:library-build:worker","msg":"[capacitor-plugin-usb-storage] FsWatcher 시작"}
{"time":"2026-04-03T04:36:25.306Z","level":"DEBUG","tag":"sd:cli:library-build:worker","msg":"[core-browser] rebuildAll 완료"}
{"time":"2026-04-03T04:36:25.321Z","level":"DEBUG","tag":"sd:cli:library-build:worker","msg":"[core-browser] FsWatcher 시작"}
{"time":"2026-04-03T04:36:25.333Z","level":"DEBUG","tag":"sd:cli:library-build:worker","msg":"[capacitor-plugin-file-system] rebuildAll 완료"}
{"time":"2026-04-03T04:36:25.348Z","level":"DEBUG","tag":"sd:cli:library-build:worker","msg":"[capacitor-plugin-file-system] FsWatcher 시작"}
{"time":"2026-04-03T04:36:25.672Z","level":"DEBUG","tag":"sd:cli:library-build:worker","msg":"[lint] rebuildAll 완료"}
{"time":"2026-04-03T04:36:25.684Z","level":"DEBUG","tag":"sd:cli:library-build:worker","msg":"[lint] FsWatcher 시작"}
{"time":"2026-04-03T04:36:25.743Z","level":"DEBUG","tag":"sd:cli:library-build:worker","msg":"[core-common] rebuildAll 완료"}
{"time":"2026-04-03T04:36:25.755Z","level":"DEBUG","tag":"sd:cli:library-build:worker","msg":"[core-common] FsWatcher 시작"}
{"time":"2026-04-03T04:36:26.174Z","level":"DEBUG","tag":"sd:cli:library-build:worker","msg":"[core-node] rebuildAll 완료"}
{"time":"2026-04-03T04:36:26.188Z","level":"DEBUG","tag":"sd:cli:library-build:worker","msg":"[core-node] FsWatcher 시작"}
{"time":"2026-04-03T04:36:26.331Z","level":"DEBUG","tag":"sd:cli:library-build:worker","msg":"[storage] rebuildAll 완료"}
{"time":"2026-04-03T04:36:26.344Z","level":"DEBUG","tag":"sd:cli:library-build:worker","msg":"[storage] FsWatcher 시작"}
{"time":"2026-04-03T04:36:26.499Z","level":"DEBUG","tag":"sd:cli:library-build:worker","msg":"[excel] rebuildAll 완료"}
{"time":"2026-04-03T04:36:26.512Z","level":"DEBUG","tag":"sd:cli:library-build:worker","msg":"[excel] FsWatcher 시작"}
{"time":"2026-04-03T04:36:27.093Z","level":"DEBUG","tag":"sd:cli:library-build:worker","msg":"[service-common] rebuildAll 완료"}
{"time":"2026-04-03T04:36:27.106Z","level":"DEBUG","tag":"sd:cli:library-build:worker","msg":"[service-common] FsWatcher 시작"}
{"time":"2026-04-03T04:36:27.340Z","level":"DEBUG","tag":"sd:cli:library-build:worker","msg":"[orm-common] rebuildAll 완료"}
{"time":"2026-04-03T04:36:27.347Z","level":"DEBUG","tag":"sd:cli:library-build:worker","msg":"[orm-common] FsWatcher 시작"}
{"time":"2026-04-03T04:36:27.512Z","level":"DEBUG","tag":"sd:cli:library-build:worker","msg":"[capacitor-plugin-auto-update] rebuildAll 완료"}
{"time":"2026-04-03T04:36:27.524Z","level":"DEBUG","tag":"sd:cli:library-build:worker","msg":"[capacitor-plugin-auto-update] FsWatcher 시작"}
{"time":"2026-04-03T04:36:27.595Z","level":"DEBUG","tag":"sd:cli:library-build:worker","msg":"[orm-node] rebuildAll 완료"}
{"time":"2026-04-03T04:36:27.603Z","level":"DEBUG","tag":"sd:cli:library-build:worker","msg":"[orm-node] FsWatcher 시작"}
{"time":"2026-04-03T04:36:27.619Z","level":"DEBUG","tag":"sd:cli:library-build:worker","msg":"[service-client] rebuildAll 완료"}
{"time":"2026-04-03T04:36:27.632Z","level":"DEBUG","tag":"sd:cli:library-build:worker","msg":"[service-client] FsWatcher 시작"}
{"time":"2026-04-03T04:36:28.420Z","level":"DEBUG","tag":"sd:cli:library-build:worker","msg":"[service-server] rebuildAll 완료"}
{"time":"2026-04-03T04:36:28.427Z","level":"DEBUG","tag":"sd:cli:library-build:worker","msg":"[service-server] FsWatcher 시작"}
{"time":"2026-04-03T04:36:29.026Z","level":"DEBUG","tag":"sd:cli:library-build:worker","msg":"[sd-cli] rebuildAll 완료"}
{"time":"2026-04-03T04:36:29.034Z","level":"DEBUG","tag":"sd:cli:library-build:worker","msg":"[sd-cli] FsWatcher 시작"}
{"time":"2026-04-03T04:36:29.106Z","level":"DEBUG","tag":"sd:cli:ngtsc-build:worker","msg":"[angular] performWatchBuild 시작"}
{"time":"2026-04-03T04:36:31.143Z","level":"DEBUG","tag":"sd:cli:ngtsc-build:worker","msg":"[angular] performWatchBuild 완료"}
{"time":"2026-04-03T04:36:31.151Z","level":"DEBUG","tag":"sd:cli:ngtsc-build:worker","msg":"[angular] FsWatcher 시작"}
{"time":"2026-04-03T04:37:50.619Z","level":"DEBUG","tag":"sd:cli:library-build:worker","msg":"[capacitor-plugin-auto-update] rebuildAll 시작"}
{"time":"2026-04-03T04:37:50.651Z","level":"DEBUG","tag":"sd:cli:library-build:worker","msg":"[capacitor-plugin-intent] rebuildAll 시작"}
{"time":"2026-04-03T04:37:50.782Z","level":"DEBUG","tag":"sd:cli:library-build:worker","msg":"[capacitor-plugin-file-system] rebuildAll 시작"}
{"time":"2026-04-03T04:37:50.892Z","level":"DEBUG","tag":"sd:cli:library-build:worker","msg":"[core-browser] rebuildAll 시작"}
{"time":"2026-04-03T04:37:50.974Z","level":"DEBUG","tag":"sd:cli:library-build:worker","msg":"[capacitor-plugin-usb-storage] rebuildAll 시작"}
{"time":"2026-04-03T04:37:51.011Z","level":"DEBUG","tag":"sd:cli:library-build:worker","msg":"[service-common] rebuildAll 시작"}
{"time":"2026-04-03T04:37:51.072Z","level":"DEBUG","tag":"sd:cli:library-build:worker","msg":"[service-client] rebuildAll 시작"}
{"time":"2026-04-03T04:37:51.081Z","level":"DEBUG","tag":"sd:cli:library-build:worker","msg":"[core-common] rebuildAll 시작"}
{"time":"2026-04-03T04:37:51.106Z","level":"DEBUG","tag":"sd:cli:library-build:worker","msg":"[service-server] rebuildAll 시작"}
{"time":"2026-04-03T04:37:51.113Z","level":"DEBUG","tag":"sd:cli:library-build:worker","msg":"[orm-node] rebuildAll 시작"}
{"time":"2026-04-03T04:37:51.127Z","level":"DEBUG","tag":"sd:cli:library-build:worker","msg":"[lint] rebuildAll 시작"}
{"time":"2026-04-03T04:37:51.127Z","level":"DEBUG","tag":"sd:cli:library-build:worker","msg":"[excel] rebuildAll 시작"}
{"time":"2026-04-03T04:37:51.135Z","level":"DEBUG","tag":"sd:cli:library-build:worker","msg":"[storage] rebuildAll 시작"}
{"time":"2026-04-03T04:37:51.138Z","level":"DEBUG","tag":"sd:cli:library-build:worker","msg":"[sd-cli] rebuildAll 시작"}
{"time":"2026-04-03T04:37:51.138Z","level":"DEBUG","tag":"sd:cli:library-build:worker","msg":"[orm-common] rebuildAll 시작"}
{"time":"2026-04-03T04:37:51.161Z","level":"DEBUG","tag":"sd:cli:library-build:worker","msg":"[core-node] rebuildAll 시작"}
{"time":"2026-04-03T04:37:51.285Z","level":"DEBUG","tag":"sd:cli:library-build:worker","msg":"[capacitor-plugin-intent] rebuildAll 완료"}
{"time":"2026-04-03T04:37:51.299Z","level":"DEBUG","tag":"sd:cli:library-build:worker","msg":"[capacitor-plugin-intent] FsWatcher 시작"}
{"time":"2026-04-03T04:37:52.808Z","level":"DEBUG","tag":"sd:cli:library-build:worker","msg":"[capacitor-plugin-file-system] rebuildAll 완료"}
{"time":"2026-04-03T04:37:52.820Z","level":"DEBUG","tag":"sd:cli:library-build:worker","msg":"[capacitor-plugin-file-system] FsWatcher 시작"}
{"time":"2026-04-03T04:37:52.875Z","level":"DEBUG","tag":"sd:cli:library-build:worker","msg":"[core-browser] rebuildAll 완료"}
{"time":"2026-04-03T04:37:52.883Z","level":"DEBUG","tag":"sd:cli:library-build:worker","msg":"[core-browser] FsWatcher 시작"}
{"time":"2026-04-03T04:37:53.139Z","level":"DEBUG","tag":"sd:cli:library-build:worker","msg":"[capacitor-plugin-usb-storage] rebuildAll 완료"}
{"time":"2026-04-03T04:37:53.148Z","level":"DEBUG","tag":"sd:cli:library-build:worker","msg":"[capacitor-plugin-usb-storage] FsWatcher 시작"}
{"time":"2026-04-03T04:37:53.394Z","level":"DEBUG","tag":"sd:cli:library-build:worker","msg":"[lint] rebuildAll 완료"}
{"time":"2026-04-03T04:37:53.402Z","level":"DEBUG","tag":"sd:cli:library-build:worker","msg":"[lint] FsWatcher 시작"}
{"time":"2026-04-03T04:37:53.515Z","level":"DEBUG","tag":"sd:cli:library-build:worker","msg":"[core-common] rebuildAll 완료"}
{"time":"2026-04-03T04:37:53.524Z","level":"DEBUG","tag":"sd:cli:library-build:worker","msg":"[core-common] FsWatcher 시작"}
{"time":"2026-04-03T04:37:53.705Z","level":"DEBUG","tag":"sd:cli:library-build:worker","msg":"[core-node] rebuildAll 완료"}
{"time":"2026-04-03T04:37:53.730Z","level":"DEBUG","tag":"sd:cli:library-build:worker","msg":"[core-node] FsWatcher 시작"}
{"time":"2026-04-03T04:37:53.841Z","level":"DEBUG","tag":"sd:cli:library-build:worker","msg":"[storage] rebuildAll 완료"}
{"time":"2026-04-03T04:37:53.853Z","level":"DEBUG","tag":"sd:cli:library-build:worker","msg":"[storage] FsWatcher 시작"}
{"time":"2026-04-03T04:37:54.086Z","level":"DEBUG","tag":"sd:cli:library-build:worker","msg":"[excel] rebuildAll 완료"}
{"time":"2026-04-03T04:37:54.096Z","level":"DEBUG","tag":"sd:cli:library-build:worker","msg":"[excel] FsWatcher 시작"}
{"time":"2026-04-03T04:37:54.492Z","level":"DEBUG","tag":"sd:cli:library-build:worker","msg":"[service-common] rebuildAll 완료"}
{"time":"2026-04-03T04:37:54.503Z","level":"DEBUG","tag":"sd:cli:library-build:worker","msg":"[service-common] FsWatcher 시작"}
{"time":"2026-04-03T04:37:54.863Z","level":"DEBUG","tag":"sd:cli:library-build:worker","msg":"[capacitor-plugin-auto-update] rebuildAll 완료"}
{"time":"2026-04-03T04:37:54.873Z","level":"DEBUG","tag":"sd:cli:library-build:worker","msg":"[capacitor-plugin-auto-update] FsWatcher 시작"}
{"time":"2026-04-03T04:37:54.948Z","level":"DEBUG","tag":"sd:cli:library-build:worker","msg":"[orm-common] rebuildAll 완료"}
{"time":"2026-04-03T04:37:54.957Z","level":"DEBUG","tag":"sd:cli:library-build:worker","msg":"[orm-common] FsWatcher 시작"}
{"time":"2026-04-03T04:37:55.125Z","level":"DEBUG","tag":"sd:cli:library-build:worker","msg":"[orm-node] rebuildAll 완료"}
{"time":"2026-04-03T04:37:55.134Z","level":"DEBUG","tag":"sd:cli:library-build:worker","msg":"[orm-node] FsWatcher 시작"}
{"time":"2026-04-03T04:37:55.158Z","level":"DEBUG","tag":"sd:cli:library-build:worker","msg":"[service-client] rebuildAll 완료"}
{"time":"2026-04-03T04:37:55.166Z","level":"DEBUG","tag":"sd:cli:library-build:worker","msg":"[service-client] FsWatcher 시작"}
{"time":"2026-04-03T04:37:55.929Z","level":"DEBUG","tag":"sd:cli:library-build:worker","msg":"[service-server] rebuildAll 완료"}
{"time":"2026-04-03T04:37:55.939Z","level":"DEBUG","tag":"sd:cli:library-build:worker","msg":"[service-server] FsWatcher 시작"}
{"time":"2026-04-03T04:37:56.909Z","level":"DEBUG","tag":"sd:cli:ngtsc-build:worker","msg":"[angular] performWatchBuild 시작"}
{"time":"2026-04-03T04:37:56.939Z","level":"DEBUG","tag":"sd:cli:library-build:worker","msg":"[sd-cli] rebuildAll 완료"}
{"time":"2026-04-03T04:37:56.945Z","level":"DEBUG","tag":"sd:cli:library-build:worker","msg":"[sd-cli] FsWatcher 시작"}
{"time":"2026-04-03T04:37:58.919Z","level":"DEBUG","tag":"sd:cli:ngtsc-build:worker","msg":"[angular] performWatchBuild 완료"}
{"time":"2026-04-03T04:37:58.925Z","level":"DEBUG","tag":"sd:cli:ngtsc-build:worker","msg":"[angular] FsWatcher 시작"}
